
> digits-sim@0.1.0 test:q
> node scripts/run-all-tests.mjs -q src/solver/analog/__tests__/buckbjt-convergence.test.ts

node:events:487
      throw er; // Unhandled 'error' event
      ^

Error: Worker exited unexpectedly
    at ChildProcess.onUnexpectedExit (file:///C:/local_working_projects/digital_in_browser/node_modules/tinypool/dist/index.js:118:30)
    at ChildProcess.emit (node:events:521:24)
    at ChildProcess._handle.onexit (node:internal/child_process:294:12)
Emitted 'error' event on Tinypool instance at:
    at EventEmitterReferencingAsyncResource.runInAsyncScope (node:async_hooks:226:14)
    at Tinypool.emit (node:events:168:18)
    at file:///C:/local_working_projects/digital_in_browser/node_modules/tinypool/dist/index.js:594:30
    at ChildProcess.<anonymous> (file:///C:/local_working_projects/digital_in_browser/node_modules/tinypool/dist/index.js:162:34)
    at ChildProcess.emit (node:events:509:20)
    at ChildProcess.onUnexpectedExit (file:///C:/local_working_projects/digital_in_browser/node_modules/tinypool/dist/index.js:118:16)
    at ChildProcess.emit (node:events:521:24)
    at ChildProcess._handle.onexit (node:internal/child_process:294:12)

Node.js v25.9.0

COMBINED: 8443 passed, 14 failed (vitest: 7966/7969 58.3s, playwright: 477/488 0.0s)
Details: test-results/test-failures.json
